SELECT is_yb_pg_tracing_enabled((SELECT pg_backend_pid()), NULL);
 is_yb_pg_tracing_enabled 
--------------------------
 f
(1 row)

SELECT yb_pg_enable_tracing(pid => -1, query_id => NULL);
 yb_pg_enable_tracing 
----------------------
 t
(1 row)

SELECT is_yb_pg_tracing_enabled(-1, NULL);
 is_yb_pg_tracing_enabled 
--------------------------
 t
(1 row)

SELECT yb_pg_enable_tracing(query_id => NULL, pid => (SELECT pg_backend_pid()));
 yb_pg_enable_tracing 
----------------------
 t
(1 row)

SELECT yb_pg_enable_tracing(-100, query_id => NULL);
ERROR:  pid cannot be less than -1

SELECT yb_pg_enable_tracing(0, NULL);
 yb_pg_enable_tracing 
----------------------
 t
(1 row)

SELECT yb_pg_enable_tracing(query_id => NULL, -1);
ERROR:  positional argument cannot follow named argument
LINE 1: select yb_pg_enable_tracing(query_id => NULL, -1);
                                                      ^

SELECT yb_pg_disable_tracing(pid => -1, query_id => NULL);
 yb_pg_disable_tracing 
-----------------------
 t
(1 row)

SELECT is_yb_pg_tracing_enabled((SELECT pg_backend_pid()), NULL);
 is_yb_pg_tracing_enabled 
--------------------------
 f
(1 row)

